// Jest Snapshot v1, https://goo.gl/fbAQLP

exports[`banner snapshot  renders correctly 1`] = `
<button
  className="list-group-item"
  onClick={[Function]}
  type="button"
>
  <label
    className="checkbox-inline"
    style={undefined}
    title=""
  >
    <input
      checked={false}
      disabled={false}
      type="checkbox"
    />
  </label>
  <div
    className="pull-right"
  >
    <span
      className="glyphicon glyphicon-pencil"
      onClick={[Function]}
    />
    <span
      className="glyphicon glyphicon-trash"
      onClick={[Function]}
    />
  </div>
</button>
`;
